// Jest Snapshot v1, https://goo.gl/fbAQLP

exports[`<Anchor /> should render the heading 1`] = `
<section>
  <h1>
    Anchor
  </h1>
</section>
`;
