// Jest Snapshot v1, https://goo.gl/fbAQLP

exports[`<Header /> should render the heading 1`] = `
<section>
  <h1>
    Header
  </h1>
  <section>
    <h1>
      Anchor
    </h1>
  </section>
</section>
`;
