// Jest Snapshot v1, https://goo.gl/fbAQLP

exports[`<Box /> should render correctly 1`] = `
<div
  class="rounded-lg shadow-lg undefined"
>
  Box
</div>
`;
