// Jest Snapshot v1, https://goo.gl/fbAQLP

exports[`<Main /> should render the heading 1`] = `
<section>
  <h1>
    Header
  </h1>
  <a
    href="/#"
  >
    Header Link
  </a>
</section>
`
