// Jest Snapshot v1, https://goo.gl/fbAQLP

exports[`<Main /> should render the heading 1`] = `
<section>
  <h1>
    Main
  </h1>
</section>
`
