// Jest Snapshot v1, https://goo.gl/fbAQLP

exports[`<SectionHero /> should render the heading 1`] = `
<section>
  <h1>
    SectionHero
  </h1>
  <section>
    <h1>
      Box
    </h1>
  </section>
</section>
`;
